@main {
  lvn_temp_0: int = const 36;
  print lvn_temp_0;
}
